2026-08-30 15:47:28,009 - INFO - Matplotlib 字体设置：使用回退字体列表，首选可用字体: Noto Sans CJK SC
2026-08-30 15:47:29,883 - INFO - 使用指定 ChromeDriver: /usr/bin/chromedriver
2026-08-30 15:47:29,978 - INFO - ddddocr 识别器初始化成功
2026-08-30 15:47:30,116 - INFO - captcha-recognizer 滑块识别模型初始化成功
2026-08-30 15:47:30,116 - INFO - 开始南京大学电费监控流程（自动无头模式）
2026-08-30 15:47:30,116 - INFO - 已初始化并清空验证码图片目录: /home/runner/work/nju_electric_monitor/nju_electric_monitor/src/../data/captcha_workflow
2026-08-30 15:47:30,117 - INFO - 正在打开页面: https://epay.nju.edu.cn/epay/h5/nju/electric/index
2026-08-30 15:47:38,263 - INFO - 等待登录表单加载...
2026-08-30 15:47:39,531 - INFO - 登录表单已加载
2026-08-30 15:47:39,531 - INFO - 开始填写登录表单...
2026-08-30 15:47:39,605 - INFO - 用户名填写完成
2026-08-30 15:47:39,667 - INFO - 密码填写完成
2026-08-30 15:47:39,699 - INFO - 未检测到任何验证方式
2026-08-30 15:47:39,699 - INFO - 登录前验证方式检测: none
2026-08-30 15:47:39,699 - INFO - 未检测到传统验证码，点击登录按钮...
2026-08-30 15:47:39,699 - INFO - 查找并点击登录按钮...
2026-08-30 15:47:39,718 - INFO - 通过 ID=login_submit 找到登录按钮
2026-08-30 15:47:39,763 - INFO - 已点击登录按钮
2026-08-30 15:47:46,788 - INFO - 检测到滑块验证（sliderDiv）
2026-08-30 15:47:46,788 - INFO - 登录后验证方式检测: slider
2026-08-30 15:47:46,788 - INFO - 开始处理滑块验证...
2026-08-30 15:47:48,301 - INFO - 滑块验证第 1/3 轮尝试
2026-08-30 15:47:48,624 - INFO - 滑块缺口 box=[180,67,222,105], confidence=0.949, 截图=278px, DOM=278px, 缩放=1.00x, 拖拽偏移=180px
2026-08-30 15:47:48,624 - INFO - 滑块拖拽尝试 1/2 (偏移=180px)
2026-08-30 15:48:06,773 - WARNING - 滑块拖拽第 1 次未通过验证
2026-08-30 15:48:07,773 - INFO - 滑块拖拽尝试 2/2 (偏移=180px)
2026-08-30 15:48:25,911 - WARNING - 滑块拖拽第 2 次未通过验证
2026-08-30 15:48:25,911 - ERROR - 滑块验证 2 次尝试均失败
2026-08-30 15:48:25,911 - WARNING - 第 1 轮滑块拖拽失败
2026-08-30 15:48:26,912 - INFO - 滑块验证第 2/3 轮尝试
2026-08-30 15:48:27,219 - INFO - 滑块缺口 box=[76,67,117,105], confidence=0.959, 截图=280px, DOM=280px, 缩放=1.00x, 拖拽偏移=76px
2026-08-30 15:48:27,219 - INFO - 滑块拖拽尝试 1/2 (偏移=76px)
2026-08-30 15:48:44,955 - INFO - 滑块验证通过（sliderDiv 元素不存在）
2026-08-30 15:48:44,955 - INFO - 滑块验证第 2 轮成功
2026-08-30 15:48:44,955 - INFO - 等待登录成功...
2026-08-30 15:48:44,965 - INFO - 检测到已跳转到电费页面: https://epay.nju.edu.cn/epay/h5/nju/electric/index
2026-08-30 15:48:44,965 - INFO - 查找'去充值'按钮...
2026-08-30 15:48:44,987 - INFO - 通过文本包含 '去充值' 找到充值按钮
2026-08-30 15:48:47,331 - INFO - 已点击充值按钮
2026-08-30 15:48:50,331 - INFO - 开始提取剩余电量信息...
2026-08-30 15:48:50,347 - INFO - 找到电量信息元素（已省略具体文本以保护隐私）
2026-08-30 15:48:50,347 - WARNING - 未在元素中找到标准格式的电量信息
2026-08-30 15:48:50,358 - INFO - 找到 i 标签中的电量信息（已省略具体文本）
2026-08-30 15:48:50,358 - WARNING - i标签中未找到标准格式的电量信息
2026-08-30 15:48:50,358 - WARNING - 未找到i标签中的电量信息
2026-08-30 15:48:50,362 - INFO - 在页面源码中查找电量信息...
2026-08-30 15:48:50,362 - INFO - 从页面源码中提取到剩余电量: 49.28 度
2026-08-30 15:48:50,378 - INFO - 数据已保存: 49.28 度
2026-08-30 15:48:50,654 - INFO - 电量变化曲线图已保存到: /home/runner/work/nju_electric_monitor/nju_electric_monitor/src/../data/electricity_trend.png
2026-08-30 15:48:50,900 - INFO - 最近20次电量变化曲线图已保存到: /home/runner/work/nju_electric_monitor/nju_electric_monitor/src/../data/recent_20_changes.png
2026-08-30 15:48:50,901 - INFO - 当前剩余电量 49.28 度，高于告警阈值 15.0 度，不发送邮件
2026-08-30 15:48:50,901 - INFO - 监控流程完成
