2026-09-26 22:17:52,720 - INFO - Matplotlib 字体设置：使用回退字体列表，首选可用字体: Noto Sans CJK SC
2026-09-26 22:17:54,631 - INFO - 使用指定 ChromeDriver: /usr/bin/chromedriver
2026-09-26 22:17:54,731 - INFO - ddddocr 识别器初始化成功
2026-09-26 22:17:54,886 - INFO - captcha-recognizer 滑块识别模型初始化成功
2026-09-26 22:17:54,887 - INFO - 开始南京大学电费监控流程（自动无头模式）
2026-09-26 22:17:54,887 - INFO - 已初始化并清空验证码图片目录: /home/runner/work/nju_electric_monitor/nju_electric_monitor/src/../data/captcha_workflow
2026-09-26 22:17:54,887 - INFO - 正在打开页面: https://epay.nju.edu.cn/epay/h5/nju/electric/index
2026-09-26 22:18:03,517 - INFO - 等待登录表单加载...
2026-09-26 22:18:04,198 - INFO - 登录表单已加载
2026-09-26 22:18:04,198 - INFO - 开始填写登录表单...
2026-09-26 22:18:04,277 - INFO - 用户名填写完成
2026-09-26 22:18:04,346 - INFO - 密码填写完成
2026-09-26 22:18:04,380 - INFO - 未检测到任何验证方式
2026-09-26 22:18:04,380 - INFO - 登录前验证方式检测: none
2026-09-26 22:18:04,380 - INFO - 未检测到传统验证码，点击登录按钮...
2026-09-26 22:18:04,380 - INFO - 查找并点击登录按钮...
2026-09-26 22:18:04,401 - INFO - 通过 ID=login_submit 找到登录按钮
2026-09-26 22:18:04,450 - INFO - 已点击登录按钮
2026-09-26 22:18:11,475 - INFO - 检测到滑块验证（sliderDiv）
2026-09-26 22:18:11,476 - INFO - 登录后验证方式检测: slider
2026-09-26 22:18:11,476 - INFO - 开始处理滑块验证...
2026-09-26 22:18:12,988 - INFO - 滑块验证第 1/3 轮尝试
2026-09-26 22:18:13,318 - INFO - 滑块缺口 box=[174,51,215,89], confidence=0.956, 截图=278px, DOM=278px, 缩放=1.00x, 拖拽偏移=174px
2026-09-26 22:18:13,318 - INFO - 滑块拖拽尝试 1/2 (偏移=174px)
2026-09-26 22:18:34,935 - INFO - 滑块验证通过（sliderDiv 元素不存在）
2026-09-26 22:18:34,935 - INFO - 滑块验证第 1 轮成功
2026-09-26 22:18:34,935 - INFO - 等待登录成功...
2026-09-26 22:18:34,946 - INFO - 检测到已跳转到电费页面: https://epay.nju.edu.cn/epay/h5/nju/electric/index
2026-09-26 22:18:34,946 - INFO - 查找'去充值'按钮...
2026-09-26 22:18:34,966 - INFO - 通过文本包含 '去充值' 找到充值按钮
2026-09-26 22:18:36,679 - INFO - 已点击充值按钮
2026-09-26 22:18:39,679 - INFO - 开始提取剩余电量信息...
2026-09-26 22:18:39,696 - INFO - 找到电量信息元素（已省略具体文本以保护隐私）
2026-09-26 22:18:39,697 - WARNING - 未在元素中找到标准格式的电量信息
2026-09-26 22:18:39,708 - INFO - 找到 i 标签中的电量信息（已省略具体文本）
2026-09-26 22:18:39,708 - WARNING - i标签中未找到标准格式的电量信息
2026-09-26 22:18:39,708 - WARNING - 未找到i标签中的电量信息
2026-09-26 22:18:39,711 - INFO - 在页面源码中查找电量信息...
2026-09-26 22:18:39,711 - INFO - 从页面源码中提取到剩余电量: 5.65 度
2026-09-26 22:18:39,729 - INFO - 数据已保存: 5.65 度
2026-09-26 22:18:40,013 - INFO - 电量变化曲线图已保存到: /home/runner/work/nju_electric_monitor/nju_electric_monitor/src/../data/electricity_trend.png
2026-09-26 22:18:40,279 - INFO - 最近20次电量变化曲线图已保存到: /home/runner/work/nju_electric_monitor/nju_electric_monitor/src/../data/recent_20_changes.png
2026-09-26 22:18:40,279 - WARNING - 邮件提醒未配置完整的 SMTP 环境变量，跳过发送邮件
2026-09-26 22:18:40,280 - INFO - 监控流程完成
