2026-10-07 03:30:41,273 - INFO - Matplotlib 字体设置：使用回退字体列表，首选可用字体: Noto Sans CJK SC
2026-10-07 03:30:43,134 - INFO - 使用指定 ChromeDriver: /usr/bin/chromedriver
2026-10-07 03:30:43,256 - INFO - ddddocr 识别器初始化成功
2026-10-07 03:30:43,380 - INFO - captcha-recognizer 滑块识别模型初始化成功
2026-10-07 03:30:43,380 - INFO - 开始南京大学电费监控流程（自动无头模式）
2026-10-07 03:30:43,380 - INFO - 已初始化并清空验证码图片目录: /home/runner/work/nju_electric_monitor/nju_electric_monitor/src/../data/captcha_workflow
2026-10-07 03:30:43,380 - INFO - 正在打开页面: https://epay.nju.edu.cn/epay/h5/nju/electric/index
2026-10-07 03:30:55,354 - INFO - 等待登录表单加载...
2026-10-07 03:30:55,363 - INFO - 登录表单已加载
2026-10-07 03:30:55,363 - INFO - 开始填写登录表单...
2026-10-07 03:30:55,435 - INFO - 用户名填写完成
2026-10-07 03:30:55,496 - INFO - 密码填写完成
2026-10-07 03:30:55,528 - INFO - 未检测到任何验证方式
2026-10-07 03:30:55,528 - INFO - 登录前验证方式检测: none
2026-10-07 03:30:55,528 - INFO - 未检测到传统验证码，点击登录按钮...
2026-10-07 03:30:55,528 - INFO - 查找并点击登录按钮...
2026-10-07 03:30:55,547 - INFO - 通过 ID=login_submit 找到登录按钮
2026-10-07 03:30:55,591 - INFO - 已点击登录按钮
2026-10-07 03:31:02,617 - INFO - 检测到滑块验证（sliderDiv）
2026-10-07 03:31:02,617 - INFO - 登录后验证方式检测: slider
2026-10-07 03:31:02,617 - INFO - 开始处理滑块验证...
2026-10-07 03:31:04,129 - INFO - 滑块验证第 1/3 轮尝试
2026-10-07 03:31:04,478 - INFO - 滑块缺口 box=[186,87,227,126], confidence=0.954, 截图=278px, DOM=278px, 缩放=1.00x, 拖拽偏移=186px
2026-10-07 03:31:04,478 - INFO - 滑块拖拽尝试 1/2 (偏移=186px)
2026-10-07 03:31:22,839 - WARNING - 滑块拖拽第 1 次未通过验证
2026-10-07 03:31:23,839 - INFO - 滑块拖拽尝试 2/2 (偏移=186px)
2026-10-07 03:31:42,130 - WARNING - 滑块拖拽第 2 次未通过验证
2026-10-07 03:31:42,130 - ERROR - 滑块验证 2 次尝试均失败
2026-10-07 03:31:42,130 - WARNING - 第 1 轮滑块拖拽失败
2026-10-07 03:31:43,130 - INFO - 滑块验证第 2/3 轮尝试
2026-10-07 03:31:43,494 - INFO - 滑块缺口 box=[179,12,220,50], confidence=0.957, 截图=280px, DOM=280px, 缩放=1.00x, 拖拽偏移=179px
2026-10-07 03:31:43,494 - INFO - 滑块拖拽尝试 1/2 (偏移=179px)
2026-10-07 03:32:01,548 - WARNING - 滑块拖拽第 1 次未通过验证
2026-10-07 03:32:02,548 - INFO - 滑块拖拽尝试 2/2 (偏移=179px)
2026-10-07 03:32:20,528 - WARNING - 滑块拖拽第 2 次未通过验证
2026-10-07 03:32:20,528 - ERROR - 滑块验证 2 次尝试均失败
2026-10-07 03:32:20,528 - WARNING - 第 2 轮滑块拖拽失败
2026-10-07 03:32:21,528 - INFO - 滑块验证第 3/3 轮尝试
2026-10-07 03:32:21,843 - INFO - 滑块缺口 box=[187,11,229,49], confidence=0.958, 截图=280px, DOM=280px, 缩放=1.00x, 拖拽偏移=187px
2026-10-07 03:32:21,843 - INFO - 滑块拖拽尝试 1/2 (偏移=187px)
2026-10-07 03:32:40,123 - WARNING - 滑块拖拽第 1 次未通过验证
2026-10-07 03:32:41,123 - INFO - 滑块拖拽尝试 2/2 (偏移=187px)
2026-10-07 03:32:59,397 - WARNING - 滑块拖拽第 2 次未通过验证
2026-10-07 03:32:59,397 - ERROR - 滑块验证 2 次尝试均失败
2026-10-07 03:32:59,397 - WARNING - 第 3 轮滑块拖拽失败
2026-10-07 03:32:59,397 - ERROR - 滑块验证 3 轮尝试均失败
2026-10-07 03:32:59,397 - ERROR - 验证码处理或登录过程失败
