2026-09-27 02:44:36,156 - INFO - Matplotlib 字体设置：使用回退字体列表，首选可用字体: Noto Sans CJK SC
2026-09-27 02:44:38,098 - INFO - 使用指定 ChromeDriver: /usr/bin/chromedriver
2026-09-27 02:44:38,214 - INFO - ddddocr 识别器初始化成功
2026-09-27 02:44:38,371 - INFO - captcha-recognizer 滑块识别模型初始化成功
2026-09-27 02:44:38,371 - INFO - 开始南京大学电费监控流程（自动无头模式）
2026-09-27 02:44:38,372 - INFO - 已初始化并清空验证码图片目录: /home/runner/work/nju_electric_monitor/nju_electric_monitor/src/../data/captcha_workflow
2026-09-27 02:44:38,372 - INFO - 正在打开页面: https://epay.nju.edu.cn/epay/h5/nju/electric/index
2026-09-27 02:44:50,258 - INFO - 等待登录表单加载...
2026-09-27 02:44:50,266 - INFO - 登录表单已加载
2026-09-27 02:44:50,267 - INFO - 开始填写登录表单...
2026-09-27 02:44:50,339 - INFO - 用户名填写完成
2026-09-27 02:44:50,402 - INFO - 密码填写完成
2026-09-27 02:44:50,434 - INFO - 未检测到任何验证方式
2026-09-27 02:44:50,434 - INFO - 登录前验证方式检测: none
2026-09-27 02:44:50,434 - INFO - 未检测到传统验证码，点击登录按钮...
2026-09-27 02:44:50,434 - INFO - 查找并点击登录按钮...
2026-09-27 02:44:50,454 - INFO - 通过 ID=login_submit 找到登录按钮
2026-09-27 02:44:50,499 - INFO - 已点击登录按钮
2026-09-27 02:44:57,525 - INFO - 检测到滑块验证（sliderDiv）
2026-09-27 02:44:57,525 - INFO - 登录后验证方式检测: slider
2026-09-27 02:44:57,525 - INFO - 开始处理滑块验证...
2026-09-27 02:44:59,037 - INFO - 滑块验证第 1/3 轮尝试
2026-09-27 02:44:59,349 - INFO - 滑块缺口 box=[185,12,230,50], confidence=0.952, 截图=278px, DOM=278px, 缩放=1.00x, 拖拽偏移=185px
2026-09-27 02:44:59,349 - INFO - 滑块拖拽尝试 1/2 (偏移=185px)
2026-09-27 02:45:17,611 - WARNING - 滑块拖拽第 1 次未通过验证
2026-09-27 02:45:18,611 - INFO - 滑块拖拽尝试 2/2 (偏移=185px)
2026-09-27 02:45:37,255 - WARNING - 滑块拖拽第 2 次未通过验证
2026-09-27 02:45:37,255 - ERROR - 滑块验证 2 次尝试均失败
2026-09-27 02:45:37,255 - WARNING - 第 1 轮滑块拖拽失败
2026-09-27 02:45:38,256 - INFO - 滑块验证第 2/3 轮尝试
2026-09-27 02:45:38,562 - INFO - 滑块缺口 box=[187,12,228,49], confidence=0.960, 截图=280px, DOM=280px, 缩放=1.00x, 拖拽偏移=187px
2026-09-27 02:45:38,562 - INFO - 滑块拖拽尝试 1/2 (偏移=187px)
2026-09-27 02:45:57,079 - WARNING - 滑块拖拽第 1 次未通过验证
2026-09-27 02:45:58,079 - INFO - 滑块拖拽尝试 2/2 (偏移=187px)
2026-09-27 02:46:16,407 - WARNING - 滑块拖拽第 2 次未通过验证
2026-09-27 02:46:16,407 - ERROR - 滑块验证 2 次尝试均失败
2026-09-27 02:46:16,407 - WARNING - 第 2 轮滑块拖拽失败
2026-09-27 02:46:17,407 - INFO - 滑块验证第 3/3 轮尝试
2026-09-27 02:46:17,720 - INFO - 滑块缺口 box=[136,12,180,50], confidence=0.958, 截图=280px, DOM=280px, 缩放=1.00x, 拖拽偏移=136px
2026-09-27 02:46:17,720 - INFO - 滑块拖拽尝试 1/2 (偏移=136px)
2026-09-27 02:46:37,856 - INFO - 滑块验证通过（sliderDiv 元素不存在）
2026-09-27 02:46:37,856 - INFO - 滑块验证第 3 轮成功
2026-09-27 02:46:37,856 - INFO - 等待登录成功...
2026-09-27 02:46:37,866 - INFO - 检测到已跳转到电费页面: https://epay.nju.edu.cn/epay/h5/nju/electric/index
2026-09-27 02:46:37,866 - INFO - 查找'去充值'按钮...
2026-09-27 02:46:37,885 - INFO - 通过文本包含 '去充值' 找到充值按钮
2026-09-27 02:46:39,458 - INFO - 已点击充值按钮
2026-09-27 02:46:42,458 - INFO - 开始提取剩余电量信息...
2026-09-27 02:46:42,475 - INFO - 找到电量信息元素（已省略具体文本以保护隐私）
2026-09-27 02:46:42,475 - WARNING - 未在元素中找到标准格式的电量信息
2026-09-27 02:46:42,486 - INFO - 找到 i 标签中的电量信息（已省略具体文本）
2026-09-27 02:46:42,486 - WARNING - i标签中未找到标准格式的电量信息
2026-09-27 02:46:42,486 - WARNING - 未找到i标签中的电量信息
2026-09-27 02:46:42,489 - INFO - 在页面源码中查找电量信息...
2026-09-27 02:46:42,489 - INFO - 从页面源码中提取到剩余电量: 4.31 度
2026-09-27 02:46:42,507 - INFO - 数据已保存: 4.31 度
2026-09-27 02:46:42,780 - INFO - 电量变化曲线图已保存到: /home/runner/work/nju_electric_monitor/nju_electric_monitor/src/../data/electricity_trend.png
2026-09-27 02:46:43,029 - INFO - 最近20次电量变化曲线图已保存到: /home/runner/work/nju_electric_monitor/nju_electric_monitor/src/../data/recent_20_changes.png
2026-09-27 02:46:43,030 - WARNING - 邮件提醒未配置完整的 SMTP 环境变量，跳过发送邮件
2026-09-27 02:46:43,030 - INFO - 监控流程完成
